             0.25      1.00
sample0  0.537934  0.582673
sample1  1.535393  1.551375
sample2  2.532852  2.520077
